// Jest Snapshot v1, https://goo.gl/fbAQLP

exports[`Main/component renders correctly 1`] = `
<div
  className="wrapper"
>
  <Connect(ProgressBar) />
  <Switch>
    <Route
      path="/:slide"
    />
    <Redirect
      exact={true}
      from="/"
      push={false}
      to="/1"
    />
  </Switch>
</div>
`;
