// Jest Snapshot v1, https://goo.gl/fbAQLP

exports[`components/Slide renders correctly 1`] = `
<CSSTransitionGroup
  component="div"
  transitionAppear={true}
  transitionAppearTimeout={500}
  transitionEnter={true}
  transitionEnterTimeout={500}
  transitionLeave={true}
  transitionLeaveTimeout={300}
  transitionName="slide"
>
  <div
    className="slide regular-slide slide1"
    dangerouslySetInnerHTML={
      Object {
        "__html": <h1>
          Hello Test!
      </h1>,
      }
    }
  />
</CSSTransitionGroup>
`;
