// Jest Snapshot v1, https://goo.gl/fbAQLP

exports[`components/SlideCode renders correctly 1`] = `
<SlideCode
  content="<pre><code class='lang-javascript'>console<span class='token punctuation'>.</span><span class='token function'>log</span><span class='token punctuation'>(</span><span class='token string'>'hello world!'</span><span class='token punctuation'>)</span></code></pre>"
  index={1}
>
  <div
    className="slide code-slide slide-1"
  >
    <div
      className="code"
      dangerouslySetInnerHTML={
        Object {
          "__html": "<pre><code class='lang-javascript'>console<span class='token punctuation'>.</span><span class='token function'>log</span><span class='token punctuation'>(</span><span class='token string'>'hello world!'</span><span class='token punctuation'>)</span></code></pre>",
        }
      }
      style={
        Object {
          "opacity": 0,
        }
      }
    />
  </div>
</SlideCode>
`;
